[     127ms] [INFO] %cDownload the React DevTools for a better development experience: https://react.dev/link/react-devtools font-weight:bold @ http://localhost:3000/_next/static/chunks/1hkm_next_dist_0h8c2q-._.js:776
[     189ms] [LOG] [HMR] connected @ http://localhost:3000/_next/static/chunks/1hkm_next_dist_0h8c2q-._.js:776
[    2256ms] [WARNING] cdn.tailwindcss.com should not be used in production. To use Tailwind CSS in production, install it as a PostCSS plugin or use the Tailwind CLI: https://tailwindcss.com/docs/installation @ https://cdn.tailwindcss.com/:63
[    2386ms] [WARNING] cdn.tailwindcss.com should not be used in production. To use Tailwind CSS in production, install it as a PostCSS plugin or use the Tailwind CLI: https://tailwindcss.com/docs/installation @ https://cdn.tailwindcss.com/:63
[    2442ms] [WARNING] cdn.tailwindcss.com should not be used in production. To use Tailwind CSS in production, install it as a PostCSS plugin or use the Tailwind CLI: https://tailwindcss.com/docs/installation @ https://cdn.tailwindcss.com/:63
[    2485ms] [WARNING] cdn.tailwindcss.com should not be used in production. To use Tailwind CSS in production, install it as a PostCSS plugin or use the Tailwind CLI: https://tailwindcss.com/docs/installation @ https://cdn.tailwindcss.com/:63
[    2559ms] [WARNING] cdn.tailwindcss.com should not be used in production. To use Tailwind CSS in production, install it as a PostCSS plugin or use the Tailwind CLI: https://tailwindcss.com/docs/installation @ https://cdn.tailwindcss.com/:63
[    7674ms] [WARNING] cdn.tailwindcss.com should not be used in production. To use Tailwind CSS in production, install it as a PostCSS plugin or use the Tailwind CLI: https://tailwindcss.com/docs/installation @ https://cdn.tailwindcss.com/:63
[   42267ms] [LOG] [Fast Refresh] rebuilding @ http://localhost:3000/_next/static/chunks/1hkm_next_dist_0h8c2q-._.js:776
[   42299ms] [LOG] [Fast Refresh] done in 25ms @ http://localhost:3000/_next/static/chunks/1hkm_next_dist_0h8c2q-._.js:776
[   42455ms] [LOG] [Fast Refresh] done in 25ms @ http://localhost:3000/_next/static/chunks/1hkm_next_dist_0h8c2q-._.js:776
[   42810ms] [LOG] [Fast Refresh] done in 25ms @ http://localhost:3000/_next/static/chunks/1hkm_next_dist_0h8c2q-._.js:776
[   52958ms] [LOG] [Fast Refresh] done in 25ms @ http://localhost:3000/_next/static/chunks/1hkm_next_dist_0h8c2q-._.js:776
[   53000ms] [INFO] %cDownload the React DevTools for a better development experience: https://react.dev/link/react-devtools font-weight:bold @ http://localhost:3000/_next/static/chunks/1hkm_next_dist_0h8c2q-._.js:776
[   53014ms] [LOG] [HMR] connected @ http://localhost:3000/_next/static/chunks/1hkm_next_dist_0h8c2q-._.js:776
[   54955ms] [WARNING] cdn.tailwindcss.com should not be used in production. To use Tailwind CSS in production, install it as a PostCSS plugin or use the Tailwind CLI: https://tailwindcss.com/docs/installation @ https://cdn.tailwindcss.com/:63
[   55010ms] [WARNING] cdn.tailwindcss.com should not be used in production. To use Tailwind CSS in production, install it as a PostCSS plugin or use the Tailwind CLI: https://tailwindcss.com/docs/installation @ https://cdn.tailwindcss.com/:63
[   55011ms] [WARNING] cdn.tailwindcss.com should not be used in production. To use Tailwind CSS in production, install it as a PostCSS plugin or use the Tailwind CLI: https://tailwindcss.com/docs/installation @ https://cdn.tailwindcss.com/:63
[   55105ms] [WARNING] cdn.tailwindcss.com should not be used in production. To use Tailwind CSS in production, install it as a PostCSS plugin or use the Tailwind CLI: https://tailwindcss.com/docs/installation @ https://cdn.tailwindcss.com/:63
[   55135ms] [WARNING] cdn.tailwindcss.com should not be used in production. To use Tailwind CSS in production, install it as a PostCSS plugin or use the Tailwind CLI: https://tailwindcss.com/docs/installation @ https://cdn.tailwindcss.com/:63
[   55138ms] [WARNING] cdn.tailwindcss.com should not be used in production. To use Tailwind CSS in production, install it as a PostCSS plugin or use the Tailwind CLI: https://tailwindcss.com/docs/installation @ https://cdn.tailwindcss.com/:63
[   99082ms] [LOG] [Fast Refresh] rebuilding @ http://localhost:3000/_next/static/chunks/1hkm_next_dist_0h8c2q-._.js:776
[   99116ms] [LOG] [Fast Refresh] done in 2ms @ http://localhost:3000/_next/static/chunks/1hkm_next_dist_0h8c2q-._.js:776
[  104458ms] [WARNING] cdn.tailwindcss.com should not be used in production. To use Tailwind CSS in production, install it as a PostCSS plugin or use the Tailwind CLI: https://tailwindcss.com/docs/installation @ https://cdn.tailwindcss.com/:63
[  104581ms] [WARNING] cdn.tailwindcss.com should not be used in production. To use Tailwind CSS in production, install it as a PostCSS plugin or use the Tailwind CLI: https://tailwindcss.com/docs/installation @ https://cdn.tailwindcss.com/:63
[  104603ms] [WARNING] cdn.tailwindcss.com should not be used in production. To use Tailwind CSS in production, install it as a PostCSS plugin or use the Tailwind CLI: https://tailwindcss.com/docs/installation @ https://cdn.tailwindcss.com/:63
[  105158ms] [WARNING] GSAP target [object NodeList] not found. https://greensock.com @ https://cdnjs.cloudflare.com/ajax/libs/gsap/3.12.2/gsap.min.js:9
[  105158ms] [WARNING] GSAP target [object NodeList] not found. https://greensock.com @ https://cdnjs.cloudflare.com/ajax/libs/gsap/3.12.2/gsap.min.js:9
[  105159ms] [WARNING] GSAP target [object NodeList] not found. https://greensock.com @ https://cdnjs.cloudflare.com/ajax/libs/gsap/3.12.2/gsap.min.js:9
